// Jest Snapshot v1, https://goo.gl/fbAQLP

exports[`should take a snapshot of Index 1`] = `
<div>
  <Connect(CommentBox) />
  <Connect(CommentList) />
</div>
`;
